<html>
<body>
<pre>
<h1>猩ision Build Log</h1>
<h2>Tool Versions:</h2>
IDE-Version: μVision V5.38.0.0
Copyright (C) 2022 ARM Ltd and ARM Germany GmbH. All rights reserved.
License Information: eric user
home
User-based license: Keil MDK Community (non-commercial free of charge)
Valid until: Jun 1 2033. Cached until: May 18 2026
 
Tool Versions:
Toolchain:       Keil MDK Community (non-commercial free of charge  Version: 5.38.0.0
Toolchain Path:  C:\Keil_v5\ARM\ARMCLANG\Bin
C Compiler:      ArmClang.exe V6.19
Assembler:       Armasm.exe V6.19
Linker/Locator:  ArmLink.exe V6.19
Library Manager: ArmAr.exe V6.19
Hex Converter:   FromElf.exe V6.19
CPU DLL:         SARMCM3.DLL V5.38.0.0
Dialog DLL:      DCM.DLL V1.17.5.0
Target DLL:      CMSIS_AGDI.dll V1.33.15.0
Dialog DLL:      TCM.DLL V1.56.4.0
 
<h2>Project:</h2>
C:\Users\user\Documents\MedFlo\MedFlo_RTC_V02_03_29_1\samples\template_drivers_test\keil\mdk_clang.uvprojx
Project File Date:  04/14/2026

<h2>Output:</h2>
*** Using Compiler 'V6.19', folder: 'C:\Keil_v5\ARM\ARMCLANG\Bin'
Rebuild target 'zephyr'
Note: source file '..\..\..\kernel\fatal.c' - object file renamed from '.\build\fatal.o' to '.\build\fatal_1.o'.
Note: source file '..\..\..\kernel\thread.c' - object file renamed from '.\build\thread.o' to '.\build\thread_1.o'.
Note: source file '..\..\..\kernel\thread_abort.c' - object file renamed from '.\build\thread_abort.o' to '.\build\thread_abort_1.o'.
Note: source file '..\..\..\lib\os\sem.c' - object file renamed from '.\build\sem.o' to '.\build\sem_1.o'.
Note: source file '..\..\..\lib\os\work_q.c' - object file renamed from '.\build\work_q.o' to '.\build\work_q_1.o'.
Note: source file '..\..\..\subsys\power\device.c' - object file renamed from '.\build\device.o' to '.\build\device_1.o'.
Note: source file '..\..\..\lib\libc\minimal\source\string\string.S' - object file renamed from '.\build\string.o' to '.\build\string_1.o'.
Note: source file '..\..\..\lib\libc\minimal\source\string\string.S' - object file renamed from '.\build\string.o' to '.\build\string_1.o'.
Note: source file '..\..\..\subsys\bluetooth\host\settings.c' - object file renamed from '.\build\bt_settings.o' to '.\build\bt_settings.o'.
Note: source file '..\..\..\subsys\bluetooth\host\buf.c' - object file renamed from '.\build\bt_buf.o' to '.\build\bt_buf.o'.
Note: source file '..\..\..\subsys\bluetooth\host\crypto.c' - object file renamed from '.\build\bt_crypto.o' to '.\build\bt_crypto.o'.
Note: source file '..\..\..\subsys\bluetooth\host\smp.c' - object file renamed from '.\build\smp.o' to '.\build\smp_1.o'.
compiling uart_pipe_test.c...
../src/main/nvram/nvram_test.c(62): warning: unused variable 'g_ram_counter' [-Wunused-variable]
static uint32_t g_ram_counter = 0;   
                ^
../src/main/nvram/nvram_test.c(63): warning: unused variable 'g_last_saved' [-Wunused-variable]
static uint32_t g_last_saved = 0;   
                ^
2 warnings generated.
compiling nvram_test.c...
compiling common.c...
compiling rtc_op.c...
compiling i2c_test.c...
compiling spi_test.c...
compiling msg_manager.c...
compiling adc_test.c...
compiling main.c...
../src/actions/gpio_control.c(8): warning: In file included from...
../src/main\common.h(9): warning: 'GPIO_ODAT0' macro redefined [-Wmacro-redefined]
#define GPIO_ODAT0      (GPIO_BASE_ADDR + 0x0100)
        ^
../../../soc/arm/actions/tai/soc_gpio.h(23): note: previous definition is here
#define GPIO_ODAT0                              0x100
        ^
../src/actions/gpio_control.c(8): warning: In file included from...
../src/main\common.h(30): warning: 'CMU_DEVCLKEN1' macro redefined [-Wmacro-redefined]
#define CMU_DEVCLKEN1   (CMU_DIGITAL_REGISTER_ADDR + 0x000C)
        ^
../../../soc/arm/actions/tai\soc_regs.h(65): note: previous definition is here
#define CMU_DEVCLKEN1                           (CMUD_REG_BASE + 0x0c)
        ^
2 warnings generated.
compiling gpio_control.c...
compiling gpio_test.c...
compiling bt_le_op.c...
compiling pwm_test.c...
compiling ble_data_test_sample.c...
compiling ble_super_service.c...
../src/actions/nvram.c(25): warning: unused variable 'ret' [-Wunused-variable]
         int ret;
             ^
../src/actions/nvram.c(61): warning: unused variable 'ret' [-Wunused-variable]
    int ret;
        ^
2 warnings generated.
compiling nvram.c...
compiling isr_tables.c...
compiling sys_wakelock.c...
compiling sys_monitor.c...
compiling sw_isr_common.c...
compiling sys_standby.c...
compiling offsets.c...
compiling swap.c...
compiling irq_manage.c...
compiling thread.c...
compiling fatal.c...
assembling cpu_idle.S...
assembling swap_helper.S...
compiling nmi.c...
compiling prep_c.c...
assembling nmi_on_reset.S...
assembling isr_wrapper.S...
assembling vector_table.S...
assembling reset.S...
assembling fault_s.S...
compiling unwind.c...
compiling scb.c...
assembling exc_exit.S...
compiling fault.c...
compiling irq_init.c...
compiling thread_abort.c...
compiling arm_mpu.c...
compiling soc.c...
compiling soc_reset.c...
../../../soc/arm/actions/tai/soc_pm.c(83): warning: variable 'key' set but not used [-Wunused-but-set-variable]
        unsigned int key;
                     ^
../../../soc/arm/actions/tai/soc_pm.c(116): warning: variable 'key' set but not used [-Wunused-but-set-variable]
        unsigned int key;
                     ^
2 warnings generated.
compiling soc_pm.c...
compiling soc_pinmux.c...
compiling spicache.c...
compiling soc_boot.c...
compiling soc_memctrl.c...
compiling soc_se_trng.c...
../../../soc/arm/actions/tai/soc_clock.c(139): warning: variable 'real_rate' set but not used [-Wunused-but-set-variable]
        unsigned int clk_src, real_rate, div;
                              ^
../../../soc/arm/actions/tai/soc_clock.c(241): warning: variable 'real_rate' set but not used [-Wunused-but-set-variable]
        unsigned int val, real_rate, div, div_temp;
                          ^
../../../soc/arm/actions/tai/soc_clock.c(276): warning: variable 'ret' set but not used [-Wunused-but-set-variable]
        int ret = 0;
            ^
3 warnings generated.
compiling soc_clock.c...
ArmClang: warning: argument unused during compilation: '-imacros ./linker_conf.h' [-Wunused-command-line-argument]
ArmClang: warning: argument unused during compilation: '-imacros ../src/include/autoconf.h' [-Wunused-command-line-argument]
assembling ksdfs.s...
compiling board.c...
compiling soc_sleep_cfg.c...
compiling device.c...
compiling errno.c...
compiling fatal.c...
compiling idle.c...
compiling kheap.c...
compiling init.c...
compiling mem_slab.c...
compiling queue.c...
compiling mutex.c...
compiling sem.c...
compiling system_work_q.c...
compiling stack.c...
compiling version.c...
compiling thread_abort.c...
compiling thread.c...
compiling work_q.c...
compiling condvar.c...
compiling smp.c...
compiling sched.c...
compiling banner.c...
compiling xip.c...
compiling timer.c...
compiling timeout.c...
compiling mempool.c...
compiling sys_clock_init.c...
compiling poll.c...
compiling acts_timer.c...
compiling uart_acts.c...
compiling gpio_acts.c...
compiling flash_page_layout.c...
compiling spi_flash_acts.c...
compiling vdma_acts.c...
compiling nvram_storage.c...
../../../drivers/spi/spi_acts.c(697): warning: unused variable 'spi_acts_driver_api' [-Wunused-const-variable]
static const struct spi_driver_api spi_acts_driver_api = {
                                   ^
../../../drivers/spi/spi_acts.c(744): warning: unused function 'spi_acts_pm_control' [-Wunused-function]
static int spi_acts_pm_control(const struct device *device,
           ^
2 warnings generated.
compiling spi_acts.c...
compiling cbprintf.c...
../../../drivers/input/mxkeypad_acts.c(102): warning: function 'mxkeypad_acts_irq_config' has internal linkage but is not defined [-Wundefined-internal]
static void mxkeypad_acts_irq_config(void);
            ^
../../../drivers/input/mxkeypad_acts.c(106): note: used here
        .irq_config_func = mxkeypad_acts_irq_config,
                           ^
../../../drivers/input/mxkeypad_acts.c(96): warning: unused variable 'mxkeypad_acts_ddata' [-Wunused-variable]
static struct acts_mxkeypad_data mxkeypad_acts_ddata;
                                 ^
../../../drivers/input/mxkeypad_acts.c(104): warning: unused variable 'mxkeypad_acts_cdata' [-Wunused-const-variable]
static const struct acts_mxkeypad_config mxkeypad_acts_cdata = {
                                         ^
3 warnings generated.
compiling mxkeypad_acts.c...
compiling crc32_sw.c...
compiling uart_pipe.c...
compiling crc16_sw.c...
../../../drivers/i2c/i2c_acts.c(812): warning: unused function 'i2c_acts_pm_control' [-Wunused-function]
static int i2c_acts_pm_control(const struct device *device,
           ^
1 warning generated.
compiling i2c_acts.c...
compiling crc8_sw.c...
compiling crc7_sw.c...
compiling dec.c...
compiling ipmsg_btc.c...
compiling nvram_config.c...
../../../drivers/pwm/pwm_tai_acts.c(864): warning: variable 'base' set but not used [-Wunused-but-set-variable]
        uint32_t base,group,pwm_chan;
                 ^
../../../drivers/pwm/pwm_tai_acts.c(965): warning: variable 'mode' set but not used [-Wunused-but-set-variable]
        u16_t mode;
              ^
../../../drivers/pwm/pwm_tai_acts.c(1147): warning: variable 'mode' set but not used [-Wunused-but-set-variable]
        u32_t num_0, num_1, sum_cycle, ir_sl, pwm_rate, mode, ld_len;
                                                        ^
../../../drivers/pwm/pwm_tai_acts.c(1351): warning: variable 'status' set but not used [-Wunused-but-set-variable]
        u16_t status;
              ^
../../../drivers/pwm/pwm_tai_acts.c(1549): warning: suggest braces around initialization of subobject [-Wmissing-braces]
static const struct pwm_acts_cycle_config cycle_pwm[] = {CONFIG_PWM_CYCLE};
                                                         ^~~~~~~~~~~~~~~~
                                                         {               }
./../src/include/autoconf.h(431): note: expanded from macro 'CONFIG_PWM_CYCLE'
#define CONFIG_PWM_CYCLE     8000
                             ^~~~
../../../drivers/pwm/pwm_tai_acts.c(1550): warning: function 'pwm_acts_irq_config' has internal linkage but is not defined [-Wundefined-internal]
static void pwm_acts_irq_config(void);
            ^
../../../drivers/pwm/pwm_tai_acts.c(1561): note: used here
        .irq_config_func = pwm_acts_irq_config,
                           ^
../../../drivers/pwm/pwm_tai_acts.c(1546): warning: unused variable 'pwm_acts_data' [-Wunused-variable]
static struct pwm_acts_data pwm_acts_data;
                            ^
../../../drivers/pwm/pwm_tai_acts.c(1552): warning: unused variable 'pwm_acts_config' [-Wunused-const-variable]
static const struct pwm_acts_config pwm_acts_config = {
                                    ^
8 warnings generated.
compiling pwm_tai_acts.c...
compiling hex.c...
compiling fdtable.c...
compiling notify.c...
compiling printk.c...
compiling onoff.c...
compiling sem.c...
compiling rb.c...
compiling thread_entry.c...
compiling timeutil.c...
compiling work_q.c...
compiling heap.c...
compiling heap-validate.c...
compiling addr_utils.c...
compiling log_minimal.c...
compiling settings_store.c...
compiling settings_init.c...
../../../lib/os/cbprintf_complete.c(1311): warning: passing arguments to a function without a prototype is deprecated in all versions of C and is not supported in C2x [-Wdeprecated-non-prototype]
                int rc = out((int)*sp++, ctx);
                            ^
../../../lib/os/cbprintf_complete.c(1357): warning: passing arguments to a function without a prototype is deprecated in all versions of C and is not supported in C2x [-Wdeprecated-non-prototype]
                        OUTC(*fp++);
                        ^
../../../lib/os/cbprintf_complete.c(1334): note: expanded from macro 'OUTC'
        int rc = (*out)((int)(c), ctx); \
                       ^
../../../lib/os/cbprintf_complete.c(1552): warning: passing arguments to a function without a prototype is deprecated in all versions of C and is not supported in C2x [-Wdeprecated-non-prototype]
                        OUTC('%');
                        ^
../../../lib/os/cbprintf_complete.c(1334): note: expanded from macro 'OUTC'
        int rc = (*out)((int)(c), ctx); \
                       ^
../../../lib/os/cbprintf_complete.c(1720): warning: passing arguments to a function without a prototype is deprecated in all versions of C and is not supported in C2x [-Wdeprecated-non-prototype]
                                                OUTC(sign);
                                                ^
../../../lib/os/cbprintf_complete.c(1334): note: expanded from macro 'OUTC'
        int rc = (*out)((int)(c), ctx); \
                       ^
../../../lib/os/cbprintf_complete.c(1727): warning: passing arguments to a function without a prototype is deprecated in all versions of C and is not supported in C2x [-Wdeprecated-non-prototype]
                                        OUTC(pad);
                                        ^
../../../lib/os/cbprintf_complete.c(1334): note: expanded from macro 'OUTC'
        int rc = (*out)((int)(c), ctx); \
                       ^
../../../lib/os/cbprintf_complete.c(1736): warning: passing arguments to a function without a prototype is deprecated in all versions of C and is not supported in C2x [-Wdeprecated-non-prototype]
                        OUTC(sign);
                        ^
../../../lib/os/cbprintf_complete.c(1334): note: expanded from macro 'OUTC'
        int rc = (*out)((int)(c), ctx); \
                       ^
../../../lib/os/cbprintf_complete.c(1745): warning: passing arguments to a function without a prototype is deprecated in all versions of C and is not supported in C2x [-Wdeprecated-non-prototype]
                                        OUTC(*cp++);
                                        ^
../../../lib/os/cbprintf_complete.c(1334): note: expanded from macro 'OUTC'
        int rc = (*out)((int)(c), ctx); \
                       ^
../../../lib/os/cbprintf_complete.c(1749): warning: passing arguments to a function without a prototype is deprecated in all versions of C and is not supported in C2x [-Wdeprecated-non-prototype]
                                        OUTC(*cp++);
                                        ^
../../../lib/os/cbprintf_complete.c(1334): note: expanded from macro 'OUTC'
        int rc = (*out)((int)(c), ctx); \
                       ^
../../../lib/os/cbprintf_complete.c(1755): warning: passing arguments to a function without a prototype is deprecated in all versions of C and is not supported in C2x [-Wdeprecated-non-prototype]
                                                OUTC('0');
                                                ^
../../../lib/os/cbprintf_complete.c(1334): note: expanded from macro 'OUTC'
        int rc = (*out)((int)(c), ctx); \
                       ^
../../../lib/os/cbprintf_complete.c(1760): warning: passing arguments to a function without a prototype is deprecated in all versions of C and is not supported in C2x [-Wdeprecated-non-prototype]
                                        OUTC(*cp++);
                                        ^
../../../lib/os/cbprintf_complete.c(1334): note: expanded from macro 'OUTC'
        int rc = (*out)((int)(c), ctx); \
                       ^
../../../lib/os/cbprintf_complete.c(1765): warning: passing arguments to a function without a prototype is deprecated in all versions of C and is not supported in C2x [-Wdeprecated-non-prototype]
                                                OUTC('0');
                                                ^
../../../lib/os/cbprintf_complete.c(1334): note: expanded from macro 'OUTC'
        int rc = (*out)((int)(c), ctx); \
                       ^
../../../lib/os/cbprintf_complete.c(1769): warning: passing arguments to a function without a prototype is deprecated in all versions of C and is not supported in C2x [-Wdeprecated-non-prototype]
                                        OUTC(*cp++);
                                        ^
../../../lib/os/cbprintf_complete.c(1334): note: expanded from macro 'OUTC'
        int rc = (*out)((int)(c), ctx); \
                       ^
../../../lib/os/cbprintf_complete.c(1775): warning: passing arguments to a function without a prototype is deprecated in all versions of C and is not supported in C2x [-Wdeprecated-non-prototype]
                                OUTC('0');
                                ^
../../../lib/os/cbprintf_complete.c(1334): note: expanded from macro 'OUTC'
        int rc = (*out)((int)(c), ctx); \
                       ^
../../../lib/os/cbprintf_complete.c(1781): warning: passing arguments to a function without a prototype is deprecated in all versions of C and is not supported in C2x [-Wdeprecated-non-prototype]
                                OUTC('0');
                                ^
../../../lib/os/cbprintf_complete.c(1334): note: expanded from macro 'OUTC'
        int rc = (*out)((int)(c), ctx); \
                       ^
../../../lib/os/cbprintf_complete.c(1785): warning: passing arguments to a function without a prototype is deprecated in all versions of C and is not supported in C2x [-Wdeprecated-non-prototype]
                                OUTC(conv->specifier);
                                ^
../../../lib/os/cbprintf_complete.c(1334): note: expanded from macro 'OUTC'
        int rc = (*out)((int)(c), ctx); \
                       ^
../../../lib/os/cbprintf_complete.c(1790): warning: passing arguments to a function without a prototype is deprecated in all versions of C and is not supported in C2x [-Wdeprecated-non-prototype]
                                OUTC('0');
                                ^
../../../lib/os/cbprintf_complete.c(1334): note: expanded from macro 'OUTC'
        int rc = (*out)((int)(c), ctx); \
                       ^
../../../lib/os/cbprintf_complete.c(1798): warning: passing arguments to a function without a prototype is deprecated in all versions of C and is not supported in C2x [-Wdeprecated-non-prototype]
                        OUTC(' ');
                        ^
../../../lib/os/cbprintf_complete.c(1334): note: expanded from macro 'OUTC'
        int rc = (*out)((int)(c), ctx); \
                       ^
17 warnings generated.
compiling cbprintf_complete.c...
../../../subsys/settings/src/settings_nvram.c(37): warning: variable 'argp' set but not used [-Wunused-but-set-variable]
        struct settings_load_arg *argp;
                                  ^
1 warning generated.
compiling settings_nvram.c...
compiling settings.c...
compiling show_thread.c...
compiling sdfs.c...
compiling fw_version.c...
compiling partition.c...
compiling utils.c...
compiling uart_console.c...
compiling aes_decrypt.c...
compiling aes_encrypt.c...
compiling cmac_mode.c...
compiling sha256.c...
compiling hmac.c...
compiling hmac_prng.c...
compiling arm_mpu_regions.c...
compiling power.c...
compiling device.c...
compiling atoi.c...
compiling abort.c...
../../../lib/os/ring_buffer.c(213): warning: variable 'err' set but not used [-Wunused-but-set-variable]
        int err;
            ^
../../../lib/os/ring_buffer.c(268): warning: variable 'err' set but not used [-Wunused-but-set-variable]
        int err;
            ^
../../../lib/os/ring_buffer.c(168): warning: unused function 'wrap' [-Wunused-function]
static inline uint32_t wrap(uint32_t val, uint32_t max)
                       ^
3 warnings generated.
compiling ring_buffer.c...
compiling strtol.c...
compiling strtoul.c...
compiling bsearch.c...
compiling malloc.c...
compiling exit.c...
compiling strncasecmp.c...
compiling strstr.c...
compiling strspn.c...
compiling stdout_console.c...
compiling sprintf.c...
compiling fprintf.c...
compiling gmtime.c...
compiling string.c...
compiling nanosleep.c...
assembling string.S...
compiling pthread_common.c...
compiling rbuf_init.c...
compiling crc.c...
compiling rbuf_core.c...
compiling rbuf_pool.c...
compiling dummy.c...
compiling log.c...
compiling rpa.c...
compiling uuid.c...
compiling addr.c...
compiling bt_settings.c...
compiling bt_buf.c...
compiling hci_common.c...
compiling bt_crypto.c...
compiling l2cap.c...
compiling hci_acts.c...
compiling keys.c...
../../../drivers/bluetooth/bt_drv.c(252): warning: unused variable 'bt_rom_cfg' [-Wunused-variable]
        struct bt_rom_cfg_t *bt_rom_cfg = (struct bt_rom_cfg_t *)BT_RAM_ADDR;
                             ^
1 warning generated.
compiling bt_drv.c...
compiling conn.c...
compiling buf.c...
compiling att.c...
compiling smp.c...
compiling hci_core.c...
../../../subsys/bluetooth/host/gatt.c(4085): warning: variable 'prev' set but not used [-Wunused-but-set-variable]
                sys_snode_t *node, *tmp, *prev = NULL;
                                          ^
1 warning generated.
compiling gatt.c...
linking...
Program Size: Code=96884 RO-data=15356 RW-data=10064 ZI-data=5968  
After Build - User command #1: UserCommand.bat ".\build\zephyr.axf" "C:\Keil_v5\\ARM"
ARM FromELF: Execution interrupted due to an illegal storage access.
Finished: 1 information, 0 warning, 0 error and 1 fatal error messages.
After Build - User command #2: PackCommand.bat
子目錄或檔案 ..\outdir\tai_evb\zephyr 已經存在。
複製了         1 個檔案。
系統找不到指定的檔案。
系統找不到指定的檔案。
build
--== Build application template_drivers_test (sub ) (app_conf )  board tai_evb ==--
 application cfg dir ., 
 sdk_build=C:\Users\user\Documents\MedFlo\MedFlo_RTC_V02_03_29_1\samples\template_drivers_test\outdir\tai_evb 
 build_firmware : out C:\Users\user\Documents\MedFlo\MedFlo_RTC_V02_03_29_1\samples\template_drivers_test\outdir\tai_evb, board C:\Users\user\Documents\MedFlo\MedFlo_RTC_V02_03_29_1\boards\arm\tai_evb, app_dir C:\Users\user\Documents\MedFlo\MedFlo_RTC_V02_03_29_1\samples\template_drivers_test\.
 build_nvram 
 build_nvram  finshed
 build_sdfs :  sdfs not exists
 build_sdfs :  fatfs not exists
not fs_sdfs
 build_firmware : soc name= tai
 cp dir C:\Users\user\Documents\MedFlo\MedFlo_RTC_V02_03_29_1\tools\prebuilt\tai\common\bin  to dir C:\Users\user\Documents\MedFlo\MedFlo_RTC_V02_03_29_1\samples\template_drivers_test\outdir\tai_evb\_firmware\bin 
 cp dir C:\Users\user\Documents\MedFlo\MedFlo_RTC_V02_03_29_1\tools\prebuilt\tai\bin  to dir C:\Users\user\Documents\MedFlo\MedFlo_RTC_V02_03_29_1\samples\template_drivers_test\outdir\tai_evb\_firmware\bin 
 cp dir C:\Users\user\Documents\MedFlo\MedFlo_RTC_V02_03_29_1\tools\prebuilt\tai\att  to dir C:\Users\user\Documents\MedFlo\MedFlo_RTC_V02_03_29_1\samples\template_drivers_test\outdir\tai_evb\_firmware\bin 
FW: Override the default firmware.xml
FW: Post build mbrec.bin
 build cmd : ['python', '-B', 'C:\\Users\\user\\Documents\\MedFlo\\MedFlo_RTC_V02_03_29_1\\tools\\build_boot_image.py', 'C:\\Users\\user\\Documents\\MedFlo\\MedFlo_RTC_V02_03_29_1\\samples\\template_drivers_test\\outdir\\tai_evb\\_firmware\\bin\\mbrec.bin', 'C:\\Users\\user\\Documents\\MedFlo\\MedFlo_RTC_V02_03_29_1\\samples\\template_drivers_test\\outdir\\tai_evb\\_firmware\\bin\\bootloader.ini']
 build_ksdfs : ksdfs_dir C:\Users\user\Documents\MedFlo\MedFlo_RTC_V02_03_29_1\samples\template_drivers_test\outdir\tai_evb\_firmware\bin\ksdfs, board dfs C:\Users\user\Documents\MedFlo\MedFlo_RTC_V02_03_29_1\boards\arm\tai_evb\ksdfs
 build_ksdfs : board dfs C:\Users\user\Documents\MedFlo\MedFlo_RTC_V02_03_29_1\boards\arm\tai_evb\ksdfs not exists
--board tai_evb ==--
 build cmd : ['python', '-B', 'C:\\Users\\user\\Documents\\MedFlo\\MedFlo_RTC_V02_03_29_1\\tools\\build_firmware.py', '-c', 'C:\\Users\\user\\Documents\\MedFlo\\MedFlo_RTC_V02_03_29_1\\samples\\template_drivers_test\\outdir\\tai_evb\\_firmware\\firmware.xml', '-e', 'C:\\Users\\user\\Documents\\MedFlo\\MedFlo_RTC_V02_03_29_1\\samples\\template_drivers_test\\outdir\\tai_evb\\_firmware\\bin\\encrypt.bin', '-ef', 'C:\\Users\\user\\Documents\\MedFlo\\MedFlo_RTC_V02_03_29_1\\samples\\template_drivers_test\\outdir\\tai_evb\\_firmware\\bin\\efuse.bin', '-s', 'tai', '-b', 'tai_evb']
build finished
".\build\zephyr.axf" - 0 Error(s), 50 Warning(s).

<h2>Software Packages used:</h2>

Package Vendor: ARM
                https://www.keil.com/pack/ARM.Cortex_DFP.1.1.0.pack
                ARM.Cortex_DFP.1.1.0
                ARM Cortex Reference Subsystems Device Family Pack

<h2>Collection of Component include folders:</h2>
  C:/Users/user/AppData/Local/Arm/Packs/ARM/Cortex_DFP/1.1.0/Device/ARMCM4/Include

<h2>Collection of Component Files used:</h2>
Build Time Elapsed:  00:00:10
</pre>
</body>
</html>
