<html>
<body>
<pre>
<h1>µVision Build Log</h1>
<h2>Tool Versions:</h2>
IDE-Version: £gVision V5.38.0.0
Copyright (C) 2022 ARM Ltd and ARM Germany GmbH. All rights reserved.
License Information: Ken Pan
Wiess
User-based license: Keil MDK Community (non-commercial free of charge)
Valid until: Jun 1 2033. Cached until: Jul 20 2026
 
Tool Versions:
Toolchain:       Keil MDK Community (non-commercial free of charge  Version: 5.38.0.0
Toolchain Path:  C:\Keil_v5\ARM\ARMCLANG\Bin
C Compiler:      ArmClang.exe V6.19
Assembler:       Armasm.exe V6.19
Linker/Locator:  ArmLink.exe V6.19
Library Manager: ArmAr.exe V6.19
Hex Converter:   FromElf.exe V6.19
CPU DLL:         SARMCM3.DLL V5.38.0.0
Dialog DLL:      DCM.DLL V1.17.5.0
Target DLL:      CMSIS_AGDI.dll V1.33.15.0
Dialog DLL:      TCM.DLL V1.56.4.0
 
<h2>Project:</h2>
C:\Users\Ken\Desktop\BT MedFlo+\source code\MedFlo_RTC_JOHN01_20260709\samples\template_drivers_test\keil\mdk_clang.uvprojx
Project File Date:  04/14/2026

<h2>Output:</h2>
*** Using Compiler 'V6.19', folder: 'C:\Keil_v5\ARM\ARMCLANG\Bin'
Build target 'zephyr'
Note: source file '..\..\..\kernel\fatal.c' - object file renamed from '.\build\fatal.o' to '.\build\fatal_1.o'.
Note: source file '..\..\..\kernel\thread.c' - object file renamed from '.\build\thread.o' to '.\build\thread_1.o'.
Note: source file '..\..\..\kernel\thread_abort.c' - object file renamed from '.\build\thread_abort.o' to '.\build\thread_abort_1.o'.
Note: source file '..\..\..\lib\os\sem.c' - object file renamed from '.\build\sem.o' to '.\build\sem_1.o'.
Note: source file '..\..\..\lib\os\work_q.c' - object file renamed from '.\build\work_q.o' to '.\build\work_q_1.o'.
Note: source file '..\..\..\subsys\power\device.c' - object file renamed from '.\build\device.o' to '.\build\device_1.o'.
Note: source file '..\..\..\lib\libc\minimal\source\string\string.S' - object file renamed from '.\build\string.o' to '.\build\string_1.o'.
Note: source file '..\..\..\lib\libc\minimal\source\string\string.S' - object file renamed from '.\build\string.o' to '.\build\string_1.o'.
Note: source file '..\..\..\subsys\bluetooth\host\settings.c' - object file renamed from '.\build\bt_settings.o' to '.\build\bt_settings.o'.
Note: source file '..\..\..\subsys\bluetooth\host\buf.c' - object file renamed from '.\build\bt_buf.o' to '.\build\bt_buf.o'.
Note: source file '..\..\..\subsys\bluetooth\host\crypto.c' - object file renamed from '.\build\bt_crypto.o' to '.\build\bt_crypto.o'.
Note: source file '..\..\..\subsys\bluetooth\host\smp.c' - object file renamed from '.\build\smp.o' to '.\build\smp_1.o'.
compiling main.c...
linking...
Program Size: Code=97144 RO-data=15456 RW-data=10068 ZI-data=6040  
After Build - User command #1: UserCommand.bat ".\build\zephyr.axf" "C:\Keil_v5\\ARM"
*** Error: CreateProcess failed, Command: 'UserCommand.bat ".\build\zephyr.axf" "C:\Keil_v5\\ARM"'
After Build - User command #2: PackCommand.bat
*** Error: CreateProcess failed, Command: 'PackCommand.bat'
".\build\zephyr.axf" - 2 Error(s), 0 Warning(s).

<h2>Software Packages used:</h2>

Package Vendor: ARM
                http://www.keil.com/pack/ARM.CMSIS.5.9.0.pack
                ARM.CMSIS.5.9.0
                CMSIS (Common Microcontroller Software Interface Standard)

<h2>Collection of Component include folders:</h2>
  C:/Users/Ken/AppData/Local/Arm/Packs/ARM/CMSIS/5.9.0/Device/ARM/ARMCM4/Include

<h2>Collection of Component Files used:</h2>
Target not created.
Build Time Elapsed:  00:00:02
</pre>
</body>
</html>
